{
  "route": "dashboard",
  "input": {
    "metrics": [120, 80, 50]
  },
  "expect": {
    "status": "ok",
    "total": 250
  }
}
