{
  "id": "audit_log",
  "prompt": "audit_log request",
  "expected_response": {
    "status": "ok"
  }
}
