{
  "id": "compliance",
  "prompt": "compliance request",
  "expected_response": {
    "status": "ok"
  }
}
