{
  "id": "escalation",
  "prompt": "escalation request",
  "expected_response": {
    "status": "ok"
  }
}
