{
  "id": "helpdesk",
  "prompt": "helpdesk request",
  "expected_response": {
    "status": "ok"
  }
}
