{
  "id": "onboarding",
  "prompt": "onboarding request",
  "expected_response": {
    "status": "ok"
  }
}
