{
  "id": "privacy_ack",
  "prompt": "privacy_ack request",
  "expected_response": {
    "status": "ok"
  }
}
