{
  "id": "remittance_status",
  "prompt": "remittance_status request",
  "expected_response": {
    "status": "ok"
  }
}
