{
  "id": "sbr_receipt",
  "prompt": "sbr_receipt request",
  "expected_response": {
    "status": "ok"
  }
}
