{
  "name": "overflow_large_amount",
  "input": {
    "currency": "AUD",
    "scale": 2,
    "amounts": [
      "999999999999999999999999.99",
      "0.01"
    ]
  },
  "expected": {
    "schema_valid": true,
    "rule_pass": true,
    "total": "1000000000000000000000000.00"
  }
}
